char filesize[20];
char msgsize[30];
char fieldsize[40];
